CREATE USER 'foo'@'localhost' DEFAULT ROLE admin WITH MAX_QUERIES_PER_HOUR 10 MAX_USER_CONNECTIONS 10